// Vitest Snapshot v1, https://vitest.dev/guide/snapshot.html

exports[`CS-CLI format and output integration > CS-CLI-20 JSON golden snapshot for jwt-03 bad file 1`] = `
"{
  "schemaVersion": 2,
  "version": "1.0.2",
  "tool": "ciphersins",
  "summary": {
    "low": 0,
    "medium": 0,
    "high": 0,
    "critical": 1,
    "total": 1
  },
  "scannedFiles": [
    "fixtures/cs-jwt-03/bad/verify-algorithms-none-literal.ts"
  ],
  "skippedPaths": [],
  "findings": [
    {
      "ruleId": "CS-JWT-03",
      "message": "jwt.verify() or jwt.sign() allows the \\"none\\" algorithm; remove \\"none\\" from algorithms / do not use algorithm: \\"none\\".",
      "severity": "critical",
      "file": "fixtures/cs-jwt-03/bad/verify-algorithms-none-literal.ts",
      "line": 6,
      "column": 9,
      "snippet": "\\treturn jwt.verify(token, secret, { algorithms: [\\"none\\"] });",
      "helpUrl": "https://github.com/01laky/CipherSins/blob/main/docs/rules/CS-JWT-03.md"
    }
  ]
}
"
`;

exports[`CS-CLI format and output integration > CS-CLI-22 SARIF golden snapshot via normalizeSarifForSnapshot 1`] = `
{
  "$schema": "https://json.schemastore.org/sarif-2.1.0.json",
  "runs": [
    {
      "automationDetails": {
        "id": "ciphersins",
      },
      "columnKind": "utf16CodeUnits",
      "originalUriBaseIds": {
        "%WORKINGDIR%": {
          "uri": "file://%WORKINGDIR%/",
        },
      },
      "results": [
        {
          "level": "error",
          "locations": [
            {
              "physicalLocation": {
                "artifactLocation": {
                  "uri": "fixtures/cs-jwt-03/bad/verify-algorithms-none-literal.ts",
                  "uriBaseId": "%WORKINGDIR%",
                },
                "region": {
                  "snippet": {
                    "text": "	return jwt.verify(token, secret, { algorithms: ["none"] });",
                  },
                  "startColumn": 9,
                  "startLine": 6,
                },
              },
            },
          ],
          "message": {
            "text": "jwt.verify() or jwt.sign() allows the "none" algorithm; remove "none" from algorithms / do not use algorithm: "none".",
          },
          "partialFingerprints": {
            "primaryLocationLineHash": "<normalized>",
          },
          "ruleId": "CS-JWT-03",
        },
      ],
      "tool": {
        "driver": {
          "informationUri": "https://github.com/01laky/CipherSins",
          "name": "CipherSins",
          "rules": [
            {
              "defaultConfiguration": {
                "level": "error",
              },
              "fullDescription": {
                "text": "JWT decode without verify",
              },
              "help": {
                "text": "See [CS-JWT-01](https://github.com/01laky/CipherSins/blob/main/docs/rules/CS-JWT-01.md) — JWT decode without verify.",
              },
              "helpUri": "https://github.com/01laky/CipherSins/blob/main/docs/rules/CS-JWT-01.md",
              "id": "CS-JWT-01",
              "name": "CSJWT01",
              "properties": {
                "security-severity": "7.5",
                "tags": [
                  "security",
                  "high",
                ],
              },
              "shortDescription": {
                "text": "JWT decode without verify",
              },
            },
            {
              "defaultConfiguration": {
                "level": "error",
              },
              "fullDescription": {
                "text": "JWT verify without algorithms",
              },
              "help": {
                "text": "See [CS-JWT-02](https://github.com/01laky/CipherSins/blob/main/docs/rules/CS-JWT-02.md) — JWT verify without algorithms.",
              },
              "helpUri": "https://github.com/01laky/CipherSins/blob/main/docs/rules/CS-JWT-02.md",
              "id": "CS-JWT-02",
              "name": "CSJWT02",
              "properties": {
                "security-severity": "7.5",
                "tags": [
                  "security",
                  "high",
                ],
              },
              "shortDescription": {
                "text": "JWT verify without algorithms",
              },
            },
            {
              "defaultConfiguration": {
                "level": "error",
              },
              "fullDescription": {
                "text": "JWT algorithm none / bypass",
              },
              "help": {
                "text": "See [CS-JWT-03](https://github.com/01laky/CipherSins/blob/main/docs/rules/CS-JWT-03.md) — JWT algorithm none / bypass.",
              },
              "helpUri": "https://github.com/01laky/CipherSins/blob/main/docs/rules/CS-JWT-03.md",
              "id": "CS-JWT-03",
              "name": "CSJWT03",
              "properties": {
                "security-severity": "9.5",
                "tags": [
                  "security",
                  "critical",
                ],
              },
              "shortDescription": {
                "text": "JWT algorithm none / bypass",
              },
            },
            {
              "defaultConfiguration": {
                "level": "warning",
              },
              "fullDescription": {
                "text": "JWT verify ignores expiration",
              },
              "help": {
                "text": "See [CS-JWT-04](https://github.com/01laky/CipherSins/blob/main/docs/rules/CS-JWT-04.md) — JWT verify ignores expiration.",
              },
              "helpUri": "https://github.com/01laky/CipherSins/blob/main/docs/rules/CS-JWT-04.md",
              "id": "CS-JWT-04",
              "name": "CSJWT04",
              "properties": {
                "security-severity": "5.5",
                "tags": [
                  "security",
                  "medium",
                ],
              },
              "shortDescription": {
                "text": "JWT verify ignores expiration",
              },
            },
            {
              "defaultConfiguration": {
                "level": "error",
              },
              "fullDescription": {
                "text": "Timing-unsafe compare on auth material",
              },
              "help": {
                "text": "See [CS-CMP-01](https://github.com/01laky/CipherSins/blob/main/docs/rules/CS-CMP-01.md) — Timing-unsafe compare on auth material.",
              },
              "helpUri": "https://github.com/01laky/CipherSins/blob/main/docs/rules/CS-CMP-01.md",
              "id": "CS-CMP-01",
              "name": "CSCMP01",
              "properties": {
                "security-severity": "7.5",
                "tags": [
                  "security",
                  "high",
                ],
              },
              "shortDescription": {
                "text": "Timing-unsafe compare on auth material",
              },
            },
            {
              "defaultConfiguration": {
                "level": "error",
              },
              "fullDescription": {
                "text": "Math.random in auth context",
              },
              "help": {
                "text": "See [CS-RNG-01](https://github.com/01laky/CipherSins/blob/main/docs/rules/CS-RNG-01.md) — Math.random in auth context.",
              },
              "helpUri": "https://github.com/01laky/CipherSins/blob/main/docs/rules/CS-RNG-01.md",
              "id": "CS-RNG-01",
              "name": "CSRNG01",
              "properties": {
                "security-severity": "7.5",
                "tags": [
                  "security",
                  "high",
                ],
              },
              "shortDescription": {
                "text": "Math.random in auth context",
              },
            },
            {
              "defaultConfiguration": {
                "level": "error",
              },
              "fullDescription": {
                "text": "MD5 / SHA1 for password hashing",
              },
              "help": {
                "text": "See [CS-HASH-01](https://github.com/01laky/CipherSins/blob/main/docs/rules/CS-HASH-01.md) — MD5 / SHA1 for password hashing.",
              },
              "helpUri": "https://github.com/01laky/CipherSins/blob/main/docs/rules/CS-HASH-01.md",
              "id": "CS-HASH-01",
              "name": "CSHASH01",
              "properties": {
                "security-severity": "7.5",
                "tags": [
                  "security",
                  "high",
                ],
              },
              "shortDescription": {
                "text": "MD5 / SHA1 for password hashing",
              },
            },
            {
              "defaultConfiguration": {
                "level": "warning",
              },
              "fullDescription": {
                "text": "Weak bcrypt cost",
              },
              "help": {
                "text": "See [CS-HASH-02](https://github.com/01laky/CipherSins/blob/main/docs/rules/CS-HASH-02.md) — Weak bcrypt cost.",
              },
              "helpUri": "https://github.com/01laky/CipherSins/blob/main/docs/rules/CS-HASH-02.md",
              "id": "CS-HASH-02",
              "name": "CSHASH02",
              "properties": {
                "security-severity": "5.5",
                "tags": [
                  "security",
                  "medium",
                ],
              },
              "shortDescription": {
                "text": "Weak bcrypt cost",
              },
            },
          ],
          "version": "1.0.2",
        },
      },
    },
  ],
  "version": "2.1.0",
}
`;
