// Vitest Snapshot v1, https://vitest.dev/guide/snapshot.html

exports[`CS-JWT-01 finding shape > CS-JWT-01-22 golden snapshot for default-import-decode-only.ts 1`] = `
{
  "column": 9,
  "file": "default-import-decode-only.ts",
  "helpUrl": "https://github.com/01laky/CipherSins/blob/main/docs/rules/CS-JWT-01.md",
  "line": 4,
  "message": "jwt.decode() used without jwt.verify() in the same function scope.",
  "ruleId": "CS-JWT-01",
  "severity": "high",
  "snippet": "	return jwt.decode(token);",
}
`;
